// Jest Snapshot v1, https://goo.gl/fbAQLP

exports[`Pruebas en <GifItem /> debe de hacer match con el snapshot 1`] = `
<div>
  <div
    class="card"
  >
    <img
      alt="Mina"
      src="https://sailor-moon.com/mina.jpg"
    />
    <p>
       
      Mina
       
    </p>
  </div>
</div>
`;
